Microchip MPLAB XC8 Compiler V1.41 ()

Linker command line:

-W-3 --edf=C:\Program Files (x86)\Microchip\xc8\v1.41\dat\en_msgs.txt -cs \
  -h+dist/default/debug\ECAPP_Project.X.debug.sym \
  --cmf=dist/default/debug\ECAPP_Project.X.debug.cmf -z -Q18F4520 \
  -oC:\Users\ryano\AppData\Local\Temp\s6tc.2 \
  -Mdist/default/debug/ECAPP_Project.X.debug.map -E1 -ver=XC8 \
  -ASTACK=081h-05eeh -pstack=STACK -ACODE=00h-07CFFh -ACONST=00h-07CFFh \
  -ASMALLCONST=0600h-06FFhx119 -AMEDIUMCONST=0600h-07CFFh -ACOMRAM=01h-07Fh \
  -AABS1=00h-05EEh -ABIGRAM=01h-05EEh \
  -ARAM=080h-0FFh,0100h-01FFhx4,0500h-05EEh -ABANK0=080h-0FFh \
  -ABANK1=0100h-01FFh -ABANK2=0200h-02FFh -ABANK3=0300h-03FFh \
  -ABANK4=0400h-04FFh -ABANK5=0500h-05EEh \
  -ASFR=0F80h-0F9Bh,0F9Dh-0FD3h,0FD5h-0FDAh,0FE0h-0FE2h,0FE8h-0FEAh,0FF0h-0FFBh \
  -preset_vec=00h,intcode=08h,intcodelo,powerup,init -pramtop=0600h \
  -psmallconst=SMALLCONST -pmediumconst=MEDIUMCONST -pconst=CONST \
  -AFARRAM=00h-00h -ACONFIG=0300000h-030000Dh -pconfig=CONFIG \
  -AIDLOC=0200000h-0200007h -pidloc=IDLOC -AEEDATA=0F00000h-0F000FFh \
  -peeprom_data=EEDATA \
  -prdata=COMRAM,nvrram=COMRAM,nvbit=COMRAM,rbss=COMRAM,rbit=COMRAM \
  -pfarbss=FARRAM,fardata=FARRAM,nvFARRAM=FARRAM \
  -pintsave_regs=BIGRAM,bigbss=BIGRAM,bigdata=BIGRAM -pbss=RAM \
  -pidata=CODE,irdata=CODE,ibigdata=CODE,ifardata=CODE -prparam=COMRAM \
  C:\Users\ryano\AppData\Local\Temp\s6tc.obj \
  dist/default/debug\ECAPP_Project.X.debug.obj 

Object code version is 3.11

Machine type is 18F4520

Call graph: (short form)




                Name                               Link     Load   Length Selector   Space Scale
C:\Users\ryano\AppData\Local\Temp\s6tc.obj
                init                                  E        E        4        4       0
                reset_vec                             0        0        6        0       0
                idloc                            200000   200000        8   200000       0
                config                           300000   300000        E   300000       0
dist/default/debug\ECAPP_Project.X.debug.obj
                intcode                               8        8        6        4       0
                temp                                 76       76        1        1       1
                smallconst                          600      600       1E      300       0
                text9                               922      922       48      30F       0
                text8                               96A      96A       46      30F       0
                text7                               9F2      9F2       3C      30F       0
                text6                               852      852       88      30F       0
                text5                               7A4      7A4       AE      30F       0
                intcode_body                        61E      61E      186      30F       0
                text3                               8DA      8DA       48      30F       0
                text2                               AA4      AA4       32      535       0
                text1                               9B0      9B0       42      30F       0
                text0                               AD6      AD6       16      535       0
                cstackCOMRAM                         5B       5B       1B        1       1
                cstackBANK0                          80       80        1       80       1
                dataCOMRAM                            1        1       3B        1       1
                bssCOMRAM                            3C       3C       1F        1       1
                cinit                               A6A      A6A       3A      535       0
                idataCOMRAM                         A2E      A2E       3B      30F       0

TOTAL           Name                               Link     Load   Length     Space
        CLASS   STACK          

        CLASS   CODE           
                intcode                               8        8        6         0
                init                                  E        E        4         0
                reset_vec                             0        0        6         0
                text9                               922      922       48         0
                text8                               96A      96A       46         0
                text7                               9F2      9F2       3C         0
                text6                               852      852       88         0
                text5                               7A4      7A4       AE         0
                intcode_body                        61E      61E      186         0
                text3                               8DA      8DA       48         0
                text2                               AA4      AA4       32         0
                text1                               9B0      9B0       42         0
                text0                               AD6      AD6       16         0
                cinit                               A6A      A6A       3A         0
                idataCOMRAM                         A2E      A2E       3B         0

        CLASS   CONST          

        CLASS   SMALLCONST     
                smallconst                          600      600       1E         0

        CLASS   MEDIUMCONST    

        CLASS   COMRAM         
                temp                                 76       76        1         1
                cstackCOMRAM                         5B       5B       1B         1
                dataCOMRAM                            1        1       3B         1
                bssCOMRAM                            3C       3C       1F         1

        CLASS   ABS1           

        CLASS   BIGRAM         

        CLASS   RAM            

        CLASS   BANK0          
                cstackBANK0                          80       80        1         1

        CLASS   BANK1          

        CLASS   BANK2          

        CLASS   BANK3          

        CLASS   BANK4          

        CLASS   BANK5          

        CLASS   SFR            

        CLASS   FARRAM         

        CLASS   CONFIG         
                config                           300000   300000        E         0

        CLASS   IDLOC          
                idloc                            200000   200000        8         0

        CLASS   EEDATA         



SEGMENTS        Name                           Load    Length   Top    Selector   Space  Class

                reset_vec                      000000  000006  000006         0       0  CODE    
                dataCOMRAM                     000001  000076  000077         1       1  COMRAM  
                intcode                        000008  00000A  000012         4       0  CODE    
                cstackBANK0                    000080  000001  000081        80       1  BANK0   
                smallconst                     000600  00001E  00061E       300       0  SMALLCON
                intcode_body                   00061E  00044B  000A69       30F       0  CODE    
                cinit                          000A6A  000082  000AEC       535       0  CODE    
                idloc                          200000  000008  200008    200000       0  IDLOC   
                config                         300000  00000E  30000E    300000       0  CONFIG  


UNUSED ADDRESS RANGES

        Name                Unused          Largest block    Delta
        BANK0            000081-0000FF               7F
        BANK1            000100-0001FF              100
        BANK2            000200-0002FF              100
        BANK3            000300-0003FF              100
        BANK4            000400-0004FF              100
        BANK5            000500-0005EE               EF
        BIGRAM           000077-00007F                9
                         000081-0005EE              56E
        CODE             000006-000007                2
                         000012-0005FF              5EE
                         000A69-000A69                1
                         000AEC-007CFF             7214
        COMRAM           000077-00007F                9
        CONST            000006-000007                2
                         000012-0005FF              5EE
                         000A69-000A69                1
                         000AEC-007CFF             7214
        EEDATA           F00000-F000FF              100
        MEDIUMCONST      000A69-000A69                1
                         000AEC-007CFF             7214
        RAM              000081-0005EE              100
        SFR              000F80-000F9B               1C
                         000F9D-000FD3               37
                         000FD5-000FDA                6
                         000FE0-000FE2                3
                         000FE8-000FEA                3
                         000FF0-000FFB                C
        SMALLCONST       000A69-000A69                1
                         000AEC-007CFF              100
        STACK            000081-0005EE              56E

                                  Symbol Table

?_passwordauth           cstackCOMRAM 00005B
ISR@boolean              cstackCOMRAM 000073
ISR@kpinput              cstackCOMRAM 000075
W_ctr_4bit@x             cstackBANK0  000080
W_data_4bit@x            cstackCOMRAM 00005B
_ADCON1                  (abs)        000FC1
_CCP2CON                 (abs)        000FBA
_CCPR2L                  (abs)        000FBB
_GIE                     (abs)        007F97
_GIEL                    (abs)        007F96
_INT0IE                  (abs)        007F94
_INT0IF                  (abs)        007F91
_INT1IE                  (abs)        007F83
_INT1IF                  (abs)        007F80
_INTEDG0                 (abs)        007F8E
_INTEDG1                 (abs)        007F8D
_IPEN                    (abs)        007E87
_ISR                     intcode      000008
_Init_LCD                text2        000AA4
_LCD_TEMP                bssCOMRAM    000049
_PORTA                   (abs)        000F80
_PORTBbits               (abs)        000F81
_PORTC                   (abs)        000F82
_PORTD                   (abs)        000F83
_PORTDbits               (abs)        000F83
_PORTEbits               (abs)        000F84
_PR2                     (abs)        000FCB
_RE1                     (abs)        007C21
_RE2                     (abs)        007C22
_T0CON                   (abs)        000FD5
_T2CON                   (abs)        000FCA
_TMR0H                   (abs)        000FD7
_TMR0IE                  (abs)        007F95
_TMR0IF                  (abs)        007F92
_TMR0IP                  (abs)        007F8A
_TMR0L                   (abs)        000FD6
_TRISA                   (abs)        000F92
_TRISB                   (abs)        000F93
_TRISC                   (abs)        000F94
_TRISD                   (abs)        000F95
_TRISE                   (abs)        000F96
_W_ctr_4bit              text3        0008DA
_W_data_4bit             text9        000922
__CFG_LVP$OFF            (abs)        000000
__CFG_OSC$XT             (abs)        000000
__CFG_WDT$OFF            (abs)        000000
__HRAM                   (abs)        000000
__Habs1                  abs1         000000
__Hbank0                 bank0        000000
__Hbank1                 bank1        000000
__Hbank2                 bank2        000000
__Hbank3                 bank3        000000
__Hbank4                 bank4        000000
__Hbank5                 bank5        000000
__Hbigbss                bigbss       000000
__Hbigdata               bigdata      000000
__Hbigram                bigram       000000
__Hbss                   bss          000000
__HbssCOMRAM             bssCOMRAM    000000
__Hcinit                 cinit        000000
__Hclrtext               clrtext      000000
__Hcomram                comram       000000
__Hconfig                config       30000E
__Hconst                 const        000000
__HcstackBANK0           cstackBANK0  000000
__HcstackCOMRAM          cstackCOMRAM 000000
__Hdata                  data         000000
__HdataCOMRAM            dataCOMRAM   000000
__Heeprom_data           eeprom_data  000000
__Hfarbss                farbss       000000
__Hfardata               fardata      000000
__Hibigdata              ibigdata     000000
__Hidata                 idata        000000
__HidataCOMRAM           idataCOMRAM  000000
__Hidloc                 idloc        200008
__Hifardata              ifardata     000000
__Hinit                  init         000012
__Hintcode               intcode      00000E
__Hintcode_body          intcode_body 000000
__Hintcodelo             intcodelo    00000E
__Hintentry              intentry     000000
__Hintret                intret       000000
__Hintsave_regs          intsave_regs 000000
__Hirdata                irdata       000000
__Hmediumconst           mediumconst  000000
__HnvFARRAM              nvFARRAM     000000
__Hnvbit                 nvbit        000000
__Hnvrram                nvrram       000000
__Hparam                 rparam       000000
__Hpowerup               powerup      00000E
__Hram                   ram          000000
__Hramtop                ramtop       000600
__Hrbit                  rbit         000000
__Hrbss                  rbss         000000
__Hrdata                 rdata        000000
__Hreset_vec             reset_vec    000006
__Hrparam                rparam       000000
__Hsfr                   sfr          000000
__Hsmallconst            smallconst   00061E
__Hspace_0               (abs)        30000E
__Hspace_1               (abs)        000081
__Hspace_2               (abs)        000000
__Hstack                 stack        000000
__Hstruct                struct       000000
__Htemp                  temp         000077
__Htext                  text         000000
__Htext0                 text0        000000
__Htext1                 text1        000000
__Htext2                 text2        000000
__Htext3                 text3        000000
__Htext5                 text5        000000
__Htext6                 text6        000000
__Htext7                 text7        000000
__Htext8                 text8        000000
__Htext9                 text9        000000
__LRAM                   (abs)        000001
__Labs1                  abs1         000000
__Lbank0                 bank0        000000
__Lbank1                 bank1        000000
__Lbank2                 bank2        000000
__Lbank3                 bank3        000000
__Lbank4                 bank4        000000
__Lbank5                 bank5        000000
__Lbigbss                bigbss       000000
__Lbigdata               bigdata      000000
__Lbigram                bigram       000000
__Lbss                   bss          000000
__LbssCOMRAM             bssCOMRAM    000000
__Lcinit                 cinit        000000
__Lclrtext               clrtext      000000
__Lcomram                comram       000000
__Lconfig                config       300000
__Lconst                 const        000000
__LcstackBANK0           cstackBANK0  000000
__LcstackCOMRAM          cstackCOMRAM 000000
__Ldata                  data         000000
__LdataCOMRAM            dataCOMRAM   000000
__Leeprom_data           eeprom_data  000000
__Lfarbss                farbss       000000
__Lfardata               fardata      000000
__Libigdata              ibigdata     000000
__Lidata                 idata        000000
__LidataCOMRAM           idataCOMRAM  000000
__Lidloc                 idloc        200000
__Lifardata              ifardata     000000
__Linit                  init         00000E
__Lintcode               intcode      000008
__Lintcode_body          intcode_body 000000
__Lintcodelo             intcodelo    00000E
__Lintentry              intentry     000000
__Lintret                intret       000000
__Lintsave_regs          intsave_regs 000000
__Lirdata                irdata       000000
__Lmediumconst           mediumconst  000000
__LnvFARRAM              nvFARRAM     000000
__Lnvbit                 nvbit        000000
__Lnvrram                nvrram       000000
__Lparam                 rparam       000000
__Lpowerup               powerup      00000E
__Lram                   ram          000000
__Lramtop                ramtop       000600
__Lrbit                  rbit         000000
__Lrbss                  rbss         000000
__Lrdata                 rdata        000000
__Lreset_vec             reset_vec    000000
__Lrparam                rparam       000000
__Lsfr                   sfr          000000
__Lsmallconst            smallconst   000600
__Lspace_0               (abs)        000000
__Lspace_1               (abs)        000000
__Lspace_2               (abs)        000000
__Lstack                 stack        000000
__Lstruct                struct       000000
__Ltemp                  temp         000076
__Ltext                  text         000000
__Ltext0                 text0        000000
__Ltext1                 text1        000000
__Ltext2                 text2        000000
__Ltext3                 text3        000000
__Ltext5                 text5        000000
__Ltext6                 text6        000000
__Ltext7                 text7        000000
__Ltext8                 text8        000000
__Ltext9                 text9        000000
__S0                     (abs)        30000E
__S1                     (abs)        000081
__S2                     (abs)        000000
___inthi_sp              stack        000000
___intlo_sp              stack        000000
___param_bank            (abs)        000000
___rparam_used           (abs)        000001
___sp                    stack        000000
__accesstop              (abs)        000080
__activetblptr           (abs)        000002
__end_of_ISR             intcode_body 0007A4
__end_of_Init_LCD        text2        000AD6
__end_of_W_ctr_4bit      text3        000922
__end_of_W_data_4bit     text9        00096A
__end_of__initialization cinit        000A96
__end_of_clearlineone    text7        000A2E
__end_of_displaymsg      text6        0008DA
__end_of_initialisepb    text1        0009F2
__end_of_main            text0        000AEC
__end_of_passwordauth    text5        000852
__end_ofi2_W_ctr_4bit    text8        0009B0
__initialization         cinit        000A6A
__mediumconst            mediumconst  000000
__pbssCOMRAM             bssCOMRAM    00003C
__pcinit                 cinit        000A6A
__pcstackBANK0           cstackBANK0  000080
__pcstackCOMRAM          cstackCOMRAM 00005B
__pdataCOMRAM            dataCOMRAM   000001
__pidataCOMRAM           idataCOMRAM  000A2E
__pintcode               intcode      000008
__pintcode_body          intcode_body 00061E
__psmallconst            smallconst   000600
__ptext0                 text0        000AD6
__ptext1                 text1        0009B0
__ptext2                 text2        000AA4
__ptext3                 text3        0008DA
__ptext5                 text5        0007A4
__ptext6                 text6        000852
__ptext7                 text7        0009F2
__ptext8                 text8        00096A
__ptext9                 text9        000922
__ramtop                 ramtop       000600
__size_of_ISR            (abs)        000000
__size_of_Init_LCD       (abs)        000000
__size_of_W_ctr_4bit     (abs)        000000
__size_of_W_data_4bit    (abs)        000000
__size_of_clearlineone   (abs)        000000
__size_of_displaymsg     (abs)        000000
__size_of_initialisepb   (abs)        000000
__size_of_main           (abs)        000000
__size_of_passwordauth   (abs)        000000
__size_ofi2_W_ctr_4bit   (abs)        000000
__smallconst             smallconst   000600
_buff                    bssCOMRAM    00003C
_cacount                 bssCOMRAM    000048
_chararray               bssCOMRAM    00004B
_clear                   dataCOMRAM   000001
_clearlineone            text7        0009F2
_displaymsg              text6        000852
_i                       bssCOMRAM    00004A
_initialisepb            text1        0009B0
_keypadarray             dataCOMRAM   000022
_main                    text0        000AD6
_password                dataCOMRAM   000012
_passwordauth            text5        0007A4
_result                  bssCOMRAM    000046
_sevenseglookup          dataCOMRAM   000032
btemp                    temp         000076
displaymsg@MESS          cstackCOMRAM 00005C
end_of_initialization    cinit        000A96
i2W_ctr_4bit@x           cstackCOMRAM 00005B
i2_W_ctr_4bit            text8        00096A
int$flags                temp         000076
int_func                 intcode_body 00061E
intlevel0                text         000000
intlevel1                text         000000
intlevel2                text         000000
intlevel3                text         000000
passwordauth@boolean     cstackCOMRAM 00005F
passwordauth@i           cstackCOMRAM 000061
stackhi                  (abs)        0005EE
stacklo                  (abs)        000081
start                    init         00000E
start_initialization     cinit        000A6A


FUNCTION INFORMATION:

 *************** function _main *****************
 Defined at:
		line 56 in file "main.c"
 Parameters:    Size  Location     Type
		None
 Auto vars:     Size  Location     Type
		None
 Return value:  Size  Location     Type
                  1    wreg      void 
 Registers used:
		wreg, status,2, status,0, cstack
 Tracked objects:
		On entry : 
		On exit  : 
		Unchanged: 
 Data sizes:     COMRAM   BANK0   BANK1   BANK2   BANK3   BANK4   BANK5
      Params:         0       0       0       0       0       0       0
      Locals:         0       0       0       0       0       0       0
      Temps:          0       0       0       0       0       0       0
      Totals:         0       0       0       0       0       0       0
Total ram usage:        0 bytes
 Hardware stack levels required when called:    6
 This function calls:
		_initialisepb
 This function is called by:
		Startup code after reset
 This function uses a non-reentrant model


 *************** function _initialisepb *****************
 Defined at:
		line 66 in file "main.c"
 Parameters:    Size  Location     Type
		None
 Auto vars:     Size  Location     Type
		None
 Return value:  Size  Location     Type
                  1    wreg      void 
 Registers used:
		wreg, status,2, status,0, cstack
 Tracked objects:
		On entry : 
		On exit  : 
		Unchanged: 
 Data sizes:     COMRAM   BANK0   BANK1   BANK2   BANK3   BANK4   BANK5
      Params:         0       0       0       0       0       0       0
      Locals:         0       0       0       0       0       0       0
      Temps:          0       0       0       0       0       0       0
      Totals:         0       0       0       0       0       0       0
Total ram usage:        0 bytes
 Hardware stack levels used:    1
 Hardware stack levels required when called:    5
 This function calls:
		_Init_LCD
 This function is called by:
		_main
 This function uses a non-reentrant model


 *************** function _Init_LCD *****************
 Defined at:
		line 98 in file "main.c"
 Parameters:    Size  Location     Type
		None
 Auto vars:     Size  Location     Type
		None
 Return value:  Size  Location     Type
                  1    wreg      void 
 Registers used:
		wreg, status,2, status,0, cstack
 Tracked objects:
		On entry : 
		On exit  : 
		Unchanged: 
 Data sizes:     COMRAM   BANK0   BANK1   BANK2   BANK3   BANK4   BANK5
      Params:         0       0       0       0       0       0       0
      Locals:         0       0       0       0       0       0       0
      Temps:          0       0       0       0       0       0       0
      Totals:         0       0       0       0       0       0       0
Total ram usage:        0 bytes
 Hardware stack levels used:    1
 Hardware stack levels required when called:    4
 This function calls:
		_W_ctr_4bit
 This function is called by:
		_initialisepb
 This function uses a non-reentrant model


 *************** function _W_ctr_4bit *****************
 Defined at:
		line 164 in file "main.c"
 Parameters:    Size  Location     Type
  x               1    wreg     unsigned char 
 Auto vars:     Size  Location     Type
  x               1    0[BANK0 ] unsigned char 
 Return value:  Size  Location     Type
                  1    wreg      void 
 Registers used:
		wreg, status,2, status,0
 Tracked objects:
		On entry : 
		On exit  : 
		Unchanged: 
 Data sizes:     COMRAM   BANK0   BANK1   BANK2   BANK3   BANK4   BANK5
      Params:         0       0       0       0       0       0       0
      Locals:         0       1       0       0       0       0       0
      Temps:          0       0       0       0       0       0       0
      Totals:         0       1       0       0       0       0       0
Total ram usage:        1 bytes
 Hardware stack levels used:    1
 Hardware stack levels required when called:    3
 This function calls:
		Nothing
 This function is called by:
		_Init_LCD
		_scrollmsg
		_displaychar
		_clearline
		_clearlinetwo
 This function uses a non-reentrant model


 *************** function _ISR *****************
 Defined at:
		line 110 in file "main.c"
 Parameters:    Size  Location     Type
		None
 Auto vars:     Size  Location     Type
  boolean         2   24[COMRAM] int 
  kpinput         1   26[COMRAM] unsigned char 
 Return value:  Size  Location     Type
                  1    wreg      void 
 Registers used:
		wreg, fsr0l, fsr0h, fsr1l, fsr1h, fsr2l, fsr2h, status,2, status,0, tblptrl, tblptrh, tblptru, prodl, prodh, cstack
 Tracked objects:
		On entry : 
		On exit  : 
		Unchanged: 
 Data sizes:     COMRAM   BANK0   BANK1   BANK2   BANK3   BANK4   BANK5
      Params:         0       0       0       0       0       0       0
      Locals:         3       0       0       0       0       0       0
      Temps:         16       0       0       0       0       0       0
      Totals:        19       0       0       0       0       0       0
Total ram usage:       19 bytes
 Hardware stack levels used:    1
 Hardware stack levels required when called:    2
 This function calls:
		_clearlineone
		_displaymsg
		_passwordauth
		i2_W_ctr_4bit
 This function is called by:
		Interrupt level 2
 This function uses a non-reentrant model


 *************** function _passwordauth *****************
 Defined at:
		line 277 in file "main.c"
 Parameters:    Size  Location     Type
		None
 Auto vars:     Size  Location     Type
  i               2    6[COMRAM] int 
  boolean         2    4[COMRAM] int 
 Return value:  Size  Location     Type
                  2    0[COMRAM] int 
 Registers used:
		wreg, fsr1l, fsr1h, fsr2l, fsr2h, status,2, status,0
 Tracked objects:
		On entry : 
		On exit  : 
		Unchanged: 
 Data sizes:     COMRAM   BANK0   BANK1   BANK2   BANK3   BANK4   BANK5
      Params:         2       0       0       0       0       0       0
      Locals:         4       0       0       0       0       0       0
      Temps:          2       0       0       0       0       0       0
      Totals:         8       0       0       0       0       0       0
Total ram usage:        8 bytes
 Hardware stack levels used:    1
 This function calls:
		Nothing
 This function is called by:
		_ISR
 This function uses a non-reentrant model


 *************** function _displaymsg *****************
 Defined at:
		line 214 in file "main.c"
 Parameters:    Size  Location     Type
  MESS            2    1[COMRAM] PTR unsigned char 
		 -> chararray(16), STR_3(8), STR_2(9), STR_1(11), 
 Auto vars:     Size  Location     Type
		None
 Return value:  Size  Location     Type
                  1    wreg      void 
 Registers used:
		wreg, fsr0l, fsr0h, status,2, status,0, tblptrl, tblptrh, tblptru, prodl, prodh, cstack
 Tracked objects:
		On entry : 
		On exit  : 
		Unchanged: 
 Data sizes:     COMRAM   BANK0   BANK1   BANK2   BANK3   BANK4   BANK5
      Params:         2       0       0       0       0       0       0
      Locals:         0       0       0       0       0       0       0
      Temps:          2       0       0       0       0       0       0
      Totals:         4       0       0       0       0       0       0
Total ram usage:        4 bytes
 Hardware stack levels used:    1
 Hardware stack levels required when called:    1
 This function calls:
		_W_data_4bit
		i2_W_ctr_4bit
 This function is called by:
		_ISR
 This function uses a non-reentrant model


 *************** function _clearlineone *****************
 Defined at:
		line 252 in file "main.c"
 Parameters:    Size  Location     Type
		None
 Auto vars:     Size  Location     Type
		None
 Return value:  Size  Location     Type
                  1    wreg      void 
 Registers used:
		wreg, fsr2l, fsr2h, status,2, status,0, prodl, prodh, cstack
 Tracked objects:
		On entry : 
		On exit  : 
		Unchanged: 
 Data sizes:     COMRAM   BANK0   BANK1   BANK2   BANK3   BANK4   BANK5
      Params:         0       0       0       0       0       0       0
      Locals:         0       0       0       0       0       0       0
      Temps:          0       0       0       0       0       0       0
      Totals:         0       0       0       0       0       0       0
Total ram usage:        0 bytes
 Hardware stack levels used:    1
 Hardware stack levels required when called:    1
 This function calls:
		_W_data_4bit
		i2_W_ctr_4bit
 This function is called by:
		_ISR
 This function uses a non-reentrant model


 *************** function i2_W_ctr_4bit *****************
 Defined at:
		line 164 in file "main.c"
 Parameters:    Size  Location     Type
  x               1    wreg     unsigned char 
 Auto vars:     Size  Location     Type
  x               1    0[COMRAM] unsigned char 
 Return value:  Size  Location     Type
                  1    wreg      void 
 Registers used:
		wreg, status,2, status,0
 Tracked objects:
		On entry : 
		On exit  : 
		Unchanged: 
 Data sizes:     COMRAM   BANK0   BANK1   BANK2   BANK3   BANK4   BANK5
      Params:         0       0       0       0       0       0       0
      Locals:         1       0       0       0       0       0       0
      Temps:          0       0       0       0       0       0       0
      Totals:         1       0       0       0       0       0       0
Total ram usage:        1 bytes
 Hardware stack levels used:    1
 This function calls:
		Nothing
 This function is called by:
		_ISR
		_displaymsg
		_clearlineone
 This function uses a non-reentrant model


 *************** function _W_data_4bit *****************
 Defined at:
		line 183 in file "main.c"
 Parameters:    Size  Location     Type
  x               1    wreg     unsigned char 
 Auto vars:     Size  Location     Type
  x               1    0[COMRAM] unsigned char 
 Return value:  Size  Location     Type
                  1    wreg      void 
 Registers used:
		wreg, status,2, status,0
 Tracked objects:
		On entry : 
		On exit  : 
		Unchanged: 
 Data sizes:     COMRAM   BANK0   BANK1   BANK2   BANK3   BANK4   BANK5
      Params:         0       0       0       0       0       0       0
      Locals:         1       0       0       0       0       0       0
      Temps:          0       0       0       0       0       0       0
      Totals:         1       0       0       0       0       0       0
Total ram usage:        1 bytes
 Hardware stack levels used:    1
 This function calls:
		Nothing
 This function is called by:
		_displaymsg
		_clearlineone
		_scrollmsg
		_displaychar
		_clearline
		_clearlinetwo
 This function uses a non-reentrant model



MODULE INFORMATION

Module		Function		Class		Link	Load	Size
shared
		i2_W_ctr_4bit  		CODE           	096A	0000	71
		__initialization		CODE           	0A6A	0000	45

shared estimated size: 116

main.c
		_ISR           		CODE           	0008	0000	397
		_displaymsg    		CODE           	0852	0000	137
		_clearlineone  		CODE           	09F2	0000	61
		_Init_LCD      		CODE           	0AA4	0000	51
		_main          		CODE           	0AD6	0000	23
		_passwordauth  		CODE           	07A4	0000	175
		_W_ctr_4bit    		CODE           	08DA	0000	73
		_W_data_4bit   		CODE           	0922	0000	73
		_initialisepb  		CODE           	09B0	0000	67

main.c estimated size: 1057

